var a;
var b;
const c = 4;
const d = 6;
const e = 3;
const f = 10;
a := 20;
ecrire 0.3;
b := 16;
b := 60;
b := 9;
b := 10;
b := -2;
b := 9;
b := 10;
b := 6;
a := 10;
ecrire a;
ecrire (a + b);
ecrire ((144 + a) - b);
