WARN: z declared but not used
WARN: a declared and affected but not used