ERR: Using unaffected variable a in affectation expression
