ERR: Using undeclared variable a in affectation expression
